// Vitest Snapshot v1

exports[`Alert Box 1`] = `
<div
  className="bg-rose-500  flex justify-between w-4/12 mx-auto mb-8 relative text-white py-3 px-5 rounded-lg"
>
  <p />
  <span
    className="mt-1 cursor-pointer"
  >
    <svg
      data-name="Layer 1"
      height="12"
      id="Layer_1"
      viewBox="0 0 50 50"
      width="12"
      xmlns="http://www.w3.org/2000/svg"
      xmlns:xlink="http://www.w3.org/1999/xlink"
    >
      <polygon
        fill="#fff"
        points="48.98 46.86 27.11 24.99 48.96 3.13 46.84 1.01 24.99 22.86 3.12 1 1 3.12 22.86 24.99 1 46.85 3.12 48.98 24.99 27.11 46.86 48.98 48.98 46.86"
      />
    </svg>
  </span>
</div>
`;
